[www.sakara.com/index.html]
[backblue.gif]
[fade.gif]
[index.html]
[cdn.shopify.com/s/files/1/0192/0076/files/favicon_26e39aed-47ff-4f7c-b45e-1fee4e78e3d1_16x16ccc3.png]
[cdn.shopify.com/s/files/1/0192/0076/files/favicon_26e39aed-47ff-4f7c-b45e-1fee4e78e3d1_32x32ccc3.png]
[cdn.shopify.com/s/files/1/0192/0076/files/favicon_26e39aed-47ff-4f7c-b45e-1fee4e78e3d1_96x96ccc3.png]
[cdn.shopify.com/s/files/1/0192/0076/files/favicon_26e39aed-47ff-4f7c-b45e-1fee4e78e3d1_200x200ccc3.png]
[cdn.shopify.com/s/files/1/0192/0076/files/Mask_group1_1200x0f44.png]
[cdn.shopify.com/shopifycloud/storefront-recaptcha-v3/v0.6/index.js]
[cdn.shopify.com/shopifycloud/shopify/assets/storefront/load_feature-ab38017af3cf759db0af0bbd1e75229f6a189f5bf1f2db42169630998b969021.js]
[cdn.shopify.com/shopifycloud/shopify/assets/shopify_pay/storefront-c31d2fa4962d2ef90b673e945ee33f4f87302b97d0882cd8e83a629b84b30dabb805.js]
[cdn.shopify.com/shopifycloud/shopify/assets/storefront/features-87e8399988880142f2c62771b9d8f2ff6c290b3ff745dd426eb0dfe0db9d1dae.js]
[cdn.shopify.com/s/files/1/0192/0076/t/1798/assets/layout.checkout.chunk.22b90edec.css]
[cdn.shopify.com/s/files/1/0192/0076/t/1798/assets/layout.design-guide.chunk.cf6b737b2.css]
[cdn.shopify.com/s/files/1/0192/0076/t/1798/assets/layout.theme.chunk.a4cb77cb1.css]
[cdn.shopify.com/s/files/1/0192/0076/t/1798/assets/template.404.chunk.f7e33b369.css]
[cdn.shopify.com/s/files/1/0192/0076/t/1798/assets/template.article.chunk.d2dd4dd6d.css]
[cdn.shopify.com/s/files/1/0192/0076/t/1798/assets/template.blog.mag.chunk.4d80b8a93.css]
[cdn.shopify.com/s/files/1/0192/0076/t/1798/assets/template.collection.chunk.facdcfcf4.css]
[cdn.shopify.com/s/files/1/0192/0076/t/1798/assets/template.index.chunk.fa97735cb.css]
[cdn.shopify.com/s/files/1/0192/0076/t/1798/assets/template.product.chunk.fe92a2066.css]
[cdn.shopify.com/s/files/1/0192/0076/t/1798/assets/template.product.v2.chunk.da9c23f6f.css]
[cdn.shopify.com/s/files/1/0192/0076/t/1798/assets/template.search.chunk.6650f50d8.css]
[cdn.shopify.com/s/files/1/0192/0076/t/1798/assets/template.account.chunk.6b4d57d06.css]
[cdn.shopify.com/s/files/1/0192/0076/t/1798/assets/template.activate_account.chunk.15ee46ae6.css]
[cdn.shopify.com/s/files/1/0192/0076/t/1798/assets/template.login.chunk.eee38d50b.css]
[cdn.shopify.com/s/files/1/0192/0076/t/1798/assets/template.reset_password.chunk.2a639c999.css]
[cdn.yottaa.com/rapid.min.7.1.2cb7b.js]
[qoe-1.yottaa.net/api/v1/configure.rapidcb7b.js]
[d18p8z0ptb8qab.cloudfront.net/lp.js]
[static.simonsignal.com/simon-sak-min.js]
[app.brightback.com/js/current/brightback57bb.js]
[www.sakara.com/POST.35.delayed]
[cdn.shopify.com/s/trekkie.storefront.959f71dbd7e992c48a2a5941c6de2c0cf3fc27c6.min.js]
[cdn.shopify.com/shopifycloud/shopify/assets/shop_events_listener-65cd0ba3fcd81a1df33f2510ec5bcf8c0e0958653b50e3965ec972dd638ee13f.js]
[cdn.shopify.com/shopifycloud/boomerang/shopify-boomerang-1.0.0.min.js]
[cdn.shopify.com/shopifycloud/web-pixels-manager/0.0.164/iife/browser.js]
[www.sakara.com/pages/signature-omd.html]
[www.sakara.com/pages/the-metabolism-reset.html]
[www.sakara.com/pages/the-fresh-start-cleanse.html]
[www.sakara.com/pages/the-performance-system.html]
[www.sakara.com/pages/the-gut-health-reboot.html]
[www.sakara.com/pages/detox.html]
[www.sakara.com/pages/lp-for-brides.html]
[www.sakara.com/pages/nutrition-program-compare.html]
[www.sakara.com/pages/next-week-menu.html]
[cdn.shopify.com/s/files/1/0192/0076/files/TOP_LIST_SAKARA_EVERGREEN_Sh_05_BUTTERFLY_BOWL_159_611xf1dd.jpg]
[www.sakara.com/collections/supplements/category-super-powders.html]
[www.sakara.com/products/energy-effervescents.html]
[www.sakara.com/collections/supplements/category-water-drops.html]
[www.sakara.com/collections/supplements/category-vitamins-probiotics.html]
[www.sakara.com/collections/supplements/category-wellness-teas.html]
[www.sakara.com/collections/supplements.html]
[cdn.shopify.com/s/files/1/0192/0076/files/NAV_Highlight_760x500_311a4477-4d10-4bef-8180-640c1eb813f2_611x1a50.jpg]
[www.sakara.com/collections/snacks/category-super-bars.html]
[www.sakara.com/collections/snacks/category-granola.html]
[www.sakara.com/collections/snacks.html]
[cdn.shopify.com/s/files/1/0192/0076/files/SHOP_ALL_Nav_ae02a62d-c4c6-41ab-bbc7-cdf7edaea111_611x4825.jpg]
[www.sakara.com/collections/products/category-new-arrivals.html]
[www.sakara.com/collections/products/category-best-sellers.html]
[www.sakara.com/collections/products/category-subscribe.html]
[www.sakara.com/collections/products/category-gifts-collections.html]
[www.sakara.com/products/metabolism-super-powder.html]
[cdn.shopify.com/s/files/1/0192/0076/files/MSP_cf5b83a9-0780-4073-9d24-19714a8e8353_611xfbf5.jpg]
[www.sakara.com/collections/products/index.html]
[www.sakara.com/blogs/mag.html]
[www.sakara.com/pages/podcast.html]
[www.sakara.com/pages/community.html]
[www.sakara.com/pages/rd-why.html]
[cdn.shopify.com/s/files/1/0192/0076/files/Rectangle_31_53feb158-3cde-4ff4-8605-65ce83422200_622xb428.png]
[www.sakara.com/pages/sakara-science-council.html]
[www.sakara.com/pages/sustainability.html]
[www.sakara.com/pages/ambassadors.html]
[www.sakara.com/pages/calendar.html]
[www.sakara.com/account/login763e.html]
[www.sakara.com/apps/aftership.html]
[www.sakara.com/account/login2cc9.html]
[www.sakara.com/pages/rewards.html]
[www.sakara.com/pages/refer.html]
[www.sakara.com/pages/contact.html]
[www.sakara.com/account/login.html]
[cdn.shopify.com/s/files/1/0192/0076/files/TOP_LIST_SAKARA_EVERGREEN_Sh_05_BUTTERFLY_BOWL_159_760xf1dd.jpg]
[cdn.shopify.com/s/files/1/0192/0076/files/NAV_Highlight_760x500_311a4477-4d10-4bef-8180-640c1eb813f2_760x1a50.jpg]
[cdn.shopify.com/s/files/1/0192/0076/files/SHOP_ALL_Nav_ae02a62d-c4c6-41ab-bbc7-cdf7edaea111_760x4825.jpg]
[www.sakara.com/collections/products.html]
[cdn.shopify.com/s/files/1/0192/0076/files/MSP_cf5b83a9-0780-4073-9d24-19714a8e8353_760xfbf5.jpg]
[cdn.shopify.com/s/files/1/0192/0076/files/Rectangle_31_53feb158-3cde-4ff4-8605-65ce83422200_760xb428.png]
[cdn.shopify.com/s/files/1/0192/0076/files/SY_031_BannerImage_Final_Mobile_500x@2x37de.jpg]
[cdn.shopify.com/s/files/1/0192/0076/files/Half-Width_Top_List_Theme_2_Mobile_Hero_500x@2xf426.jpg]
[cdn.shopify.com/s/files/1/0192/0076/files/Kefir_Homepage_Desktop_Mobile_500x@2xbcfb.jpg]
[www.sakara.com/blogs/mag/eat-to-beat-disease-building-immunity-through-food.html]
[cdn.shopify.com/s/files/1/0192/0076/articles/eat_to_beat_disease_sakara_life_369x296@2xf80e.jpg]
[www.sakara.com/blogs/mag/supergreens-italian-chopped-salad-wrap.html]
[cdn.shopify.com/s/files/1/0192/0076/articles/Desktop_Italian_Chopped_Salad_Wrap_369x296@2x2769.jpg]
[www.sakara.com/blogs/mag/stars-meet-science-psychological-astrology-101.html]
[cdn.shopify.com/s/files/1/0192/0076/articles/S-LIFE-ASTROLOGY-DR-FREED_369x296@2xa24c.jpg]
[www.sakara.com/blogs/mag/margherita-spaghetti-squash-with-classic-kale-salad-recipe-plant-based.html]
[cdn.shopify.com/s/files/1/0192/0076/articles/SPAGHETTI_SQUASH_1_1_369x296@2xda63.jpg]
[cdn.shopify.com/s/files/1/0192/0076/files/Sustainability-Mobile-01_327x@2x1595.jpg]
[cdn.shopify.com/s/files/1/0192/0076/files/Sustainability-Mobile-02_327x@2xd6fb.jpg]
[cdn.shopify.com/s/files/1/0192/0076/files/Sustainability-Mobile-03_327x@2x8402.jpg]
[cdn.shopify.com/s/files/1/0192/0076/t/1798/assets/app-storef166.png]
[www.sakara.com/pages/accessibility.html]
[www.sakara.com/pages/terms-conditions-and-privacy-policies.html]
[www.sakara.com/products/metabolism-super-powder-dm.html]
[www.sakara.com/products/sakara-rx-the-foundation-1.html]
[www.sakara.com/products/metabolism-protein-super-bar.html]
[www.sakara.com/products/the-travel-collection.html]
[www.sakara.com/products/organic-protein-greens-super-powder.html]
[www.sakara.com/cart.html]
[cdn.shopify.com/s/files/1/0192/0076/t/1798/assets/runtime3bde.js]
[cdn.shopify.com/s/files/1/0192/0076/t/1798/assets/vendors--layout.checkout--layout.theme--template.404--template.account--template.article--template.--0a4cb3b8.chunk.72ea9bfe1.js]
[cdn.shopify.com/s/files/1/0192/0076/t/1798/assets/vendors--layout.checkout--layout.theme--template.404--template.account--template.article--template.--b6b2c52a.chunk.d97b8b420.js]
[cdn.shopify.com/s/files/1/0192/0076/t/1798/assets/layout.checkout.chunk.22b90865a.js]
[cdn.shopify.com/s/files/1/0192/0076/t/1798/assets/vendors--layout.design-guide.chunk.0a255fc5b.js]
[cdn.shopify.com/s/files/1/0192/0076/t/1798/assets/layout.design-guide.chunk.cf6b7d01a.js]
[cdn.shopify.com/s/files/1/0192/0076/t/1798/assets/layout.theme.chunk.a4cb736c4.js]
[cdn.shopify.com/s/files/1/0192/0076/t/1798/assets/template.404.chunk.f7e335a37.js]
[cdn.shopify.com/s/files/1/0192/0076/t/1798/assets/template.article.chunk.d2dd43100.js]
[cdn.shopify.com/s/files/1/0192/0076/t/1798/assets/template.blog.mag.chunk.4d80ba080.js]
[cdn.shopify.com/s/files/1/0192/0076/t/1798/assets/template.collection.chunk.facdc833b.js]
[cdn.shopify.com/s/files/1/0192/0076/t/1798/assets/template.index.chunk.fa9772c3a.js]
[cdn.shopify.com/s/files/1/0192/0076/t/1798/assets/vendors--template.login--template.page.careers--template.page.landing--affiliate--template.page.lan--67af6fd6.chunk.b9cfecb44.js]
[cdn.shopify.com/s/files/1/0192/0076/t/1798/assets/template.product.chunk.fe92a43e7.js]
[cdn.shopify.com/s/files/1/0192/0076/t/1798/assets/template.product.v2.chunk.da9c26c82.js]
[cdn.shopify.com/s/files/1/0192/0076/t/1798/assets/template.search.chunk.6650f236a.js]
[cdn.shopify.com/s/files/1/0192/0076/t/1798/assets/template.account.chunk.6b4d531c0.js]
[cdn.shopify.com/s/files/1/0192/0076/t/1798/assets/template.activate_account.chunk.15ee4d918.js]
[cdn.shopify.com/s/files/1/0192/0076/t/1798/assets/template.login.chunk.eee382073.js]
[cdn.shopify.com/s/files/1/0192/0076/t/1798/assets/template.reset_password.chunk.2a6399ea4.js]
[a.klaviyo.com/media/js/onsite/onsite.js]
[cdn.attn.tv/sakara/dtag.js]
[www.sakara.com/index.html]
[use.typekit.net/rdg5iqk.js]
[cdn.shopify.com/s/files/1/0192/0076/t/1798/assets/layout.checkout.chunk.22b90edec.css]
[cdn.shopify.com/s/files/1/0192/0076/t/1798/assets/fonts/slick.eot]
[cdn.shopify.com/s/files/1/0192/0076/t/1798/assets/fonts/slickd41d.eot]
[cdn.shopify.com/s/files/1/0192/0076/t/1798/assets/fonts/slick.woff]
[cdn.shopify.com/s/files/1/0192/0076/t/1798/assets/fonts/slick.ttf]
[cdn.shopify.com/s/files/1/0192/0076/t/1798/assets/fonts/slick.svg]
[cdn.shopify.com/s/files/1/0192/0076/t/1798/assets/layout.design-guide.chunk.cf6b737b2.css]
[cdn.shopify.com/s/files/1/0192/0076/t/1798/assets/layout.theme.chunk.a4cb77cb1.css]
[cdn.shopify.com/s/files/1/0192/0076/t/1798/assets/template.404.chunk.f7e33b369.css]
[cdn.shopify.com/s/files/1/0192/0076/t/1798/assets/template.article.chunk.d2dd4dd6d.css]
[cdn.shopify.com/s/files/1/0192/0076/t/1798/assets/template.blog.mag.chunk.4d80b8a93.css]
[cdn.shopify.com/s/files/1/0192/0076/t/1798/assets/template.collection.chunk.facdcfcf4.css]
[cdn.shopify.com/s/files/1/0192/0076/t/1798/assets/template.index.chunk.fa97735cb.css]
[cdn.shopify.com/s/files/1/0192/0076/t/1798/assets/template.product.chunk.fe92a2066.css]
[cdn.shopify.com/s/files/1/0192/0076/t/1798/assets/template.product.v2.chunk.da9c23f6f.css]
[cdn.shopify.com/s/files/1/0192/0076/t/1798/assets/template.search.chunk.6650f50d8.css]
[cdn.shopify.com/s/files/1/0192/0076/t/1798/assets/template.account.chunk.6b4d57d06.css]
[cdn.shopify.com/s/files/1/0192/0076/t/1798/assets/template.activate_account.chunk.15ee46ae6.css]
[cdn.shopify.com/s/files/1/0192/0076/t/1798/assets/template.login.chunk.eee38d50b.css]
[cdn.shopify.com/s/files/1/0192/0076/t/1798/assets/template.reset_password.chunk.2a639c999.css]
[www.googletagmanager.com/gtm5445.html]
[www.sakara.com/POST.html]
[cdn.shopify.com/s/files/1/0192/0076/t/1798/assets/template.page.landing--signature.chunk.71d75cb9f.css]
[static-us.afterpay.com/javascript/present-afterpay.js]
[www.sakara.com/pages/POST.d0.delayed]
[cdn.shopify.com/s/files/1/0192/0076/t/462/assets/e4321a3b46ae--Hero-Banner-Mobile-640x5005dbd.jpg]
[cdn.shopify.com/s/files/1/0192/0076/t/462/assets/a27a82bc03df--How-It-Works-mobile-640x414bb0d.jpg]
[cdn.shopify.com/s/files/1/0192/0076/t/462/assets/e0516e34bd09--Next-Weeks-Menu-mobile-640x640-12f1e.png]
[cdn.shopify.com/s/files/1/0192/0076/t/462/assets/afc03792abac--unnamed0639.jpg]
[cdn.shopify.com/s/files/1/0192/0076/t/462/assets/e151c1b690cb--test-mobilea204.jpg]
[cdn.shopify.com/s/files/1/0192/0076/t/462/assets/02df1420059f--Hero-Banner-Desktop-1402x9943036.jpg]
[cdn.shopify.com/s/files/1/0192/0076/t/462/assets/2b9b1e048bca--How-It-Works-Desktop-1278x1150ed48.jpg]
[cdn.shopify.com/s/files/1/0192/0076/t/462/assets/5cf86c35e963--NEXT-WEEKS-MENU-2880x800-desktop-12bd5.png]
[cdn.shopify.com/s/files/1/0192/0076/t/462/assets/13ca8bdb9b16--Order-Widget-1440x14545b5b.jpg]
[cdn.shopify.com/s/files/1/0192/0076/t/462/assets/ffb6c4ebe1fe--testimoial_lily_aldridge_desktop_1ba2d.jpg]
[cdn.shopify.com/s/files/1/0192/0076/t/462/assets/369b1506a5d2--testimonial_carly_schweet_desktopd75e.jpg]
[cdn.shopify.com/s/files/1/0192/0076/t/462/assets/bd2df0651a06--testimonial_azeezah_desktop8238.jpg]
[cdn.shopify.com/s/files/1/0192/0076/t/462/assets/159569b0ac40--kacyF_testimonial_pic_2-11171.jpg]
[cdn.shopify.com/s/files/1/0192/0076/t/462/assets/f94bd137cd15--Luke_Gilson_Testimonial_pic-1466d.jpg]
[www.sakara.com/pages/signature-omd.html]
[cdn.shopify.com/s/files/1/0192/0076/t/1798/assets/template.page.landing--signature.chunk.71d750dc1.js]
[cdn.shopify.com/s/files/1/0192/0076/t/1798/assets/template.page.landing--systems.chunk.1611b4630.css]
[cld.accentuate.io/84134592621/1664458530619/SY_Landing_Hero_CrossSell__0001_Cleanse7b18.jpg]
[cld.accentuate.io/84134592621/1664557285924/desktopc3aa.jpg]
[cld.accentuate.io/84134592621/1664557284350/mobile83c6.jpg]
[cld.accentuate.io/84134592621/1664458476749/SY_Landing_Hero_Desktop__0000_Metabolism_Right434a.jpg]
[cld.accentuate.io/84134592621/1664458535748/SY_Landing_Hero_CrossSell__0003_GutHealthe388.jpg]
[cld.accentuate.io/84134592621/1664458998448/SY_Landing_HowitWorks__0002_Metabolism5c2e.jpg]
[cld.accentuate.io/84134592621/1664550759810/SY_Landing_HowItworks_Updated__0000_Metabolism4467.jpg]
[www.sakara.com/pages/gut-health-reboot-system.eb.delayed]
[cld.accentuate.io/84134592621/1664459670771/SY_Landing_Image_CrossSell__0000_guthealthe2dd.jpg]
[www.sakara.com/pages/fresh-start-cleanse-system]
[cld.accentuate.io/84134592621/1664459686381/SY_Landing_Image_CrossSell__0002_Cleansed376.jpg]
[www.sakara.com/pages/performance-system]
[cld.accentuate.io/84134592621/1664459700172/SY_Landing_Image_CrossSell__0003_performancef31c.jpg]
[www.sakara.com/pages/the-metabolism-reset.html]
[cdn.shopify.com/s/files/1/0192/0076/t/1798/assets/template.page.landing--systems.chunk.1611b43e9.js]
[cld.accentuate.io/84323237997/1664464606843/SY_Landing_Hero_CrossSell__0002_Performance406e.jpg]
[cld.accentuate.io/84323237997/1664464590621/SY_Landing_Hero_Desktop__0008_Cleanse_Left0022.jpg]
[cld.accentuate.io/84323237997/1664464589599/SY_Landing_Hero_Mobile_0003_Cleansed18f.jpg]
[cld.accentuate.io/84323237997/1664552268577/SK_LandingPages_Hero_Desktop_CleanseRight_Updated61f1.jpg]
[cld.accentuate.io/84323237997/1664464617909/SY_Landing_Hero_CrossSell__0000_Metabolismce8c.jpg]
[cld.accentuate.io/84323237997/1664465062854/SY_Landing_HowitWorks__0003_Cleanseeccd.jpg]
[cld.accentuate.io/84323237997/1664552472447/SY_Landing_HowItworks_Updated__0001_Accent_Cleansee541.jpg]
[cld.accentuate.io/84323237997/1664465785094/SY_Landing_Image_CrossSell__0001_Metabolism-(1)6733.jpg]
[cld.accentuate.io/84323237997/1664465822473/SY_Landing_Image_CrossSell__0000_guthealth724b.jpg]
[cld.accentuate.io/84323237997/1664465839921/SY_Landing_Image_CrossSell__0003_performance95f6.jpg]
[www.sakara.com/pages/the-fresh-start-cleanse.html]
[cld.accentuate.io/84331954285/1664470318774/SY_Landing_Hero_CrossSell__0003_GutHealth-(1)7aed.jpg]
[cld.accentuate.io/84331954285/1664836082958/SY_Landing_Hero_Desktop_Update__0001_PerformanceLeft_Update2534.jpg]
[cld.accentuate.io/84331954285/1664553278218/SY_Landing_Hero_Mobile_0004_Performance_Update0d41.jpg]
[cld.accentuate.io/84331954285/1664470703444/SY_Landing_Hero_Desktop__0006_Performance_Right81f6.jpg]
[cld.accentuate.io/84331954285/1664470334740/SY_Landing_Hero_CrossSell__0001_Cleansecf8b.jpg]
[cld.accentuate.io/84331954285/1664471156989/SY_Landing_HowitWorks__0001_Performance39cc.jpg]
[cld.accentuate.io/84331954285/1663951727748/image-51f76f.jpg]
[cld.accentuate.io/84331954285/1664471063862/SY_Landing_QuoteImage_Mobile__0001_Performanced0f6.jpg]
[cld.accentuate.io/84331954285/1664475735595/SY_Landing_Image_CrossSell__0000_guthealth56a2.jpg]
[cld.accentuate.io/84331954285/1664475696216/SY_Landing_Image_CrossSell__0002_Cleanse5dfb.jpg]
[cld.accentuate.io/84331954285/1664475678399/SY_Landing_Image_CrossSell__0001_Metabolism-(1)6ff0.jpg]
[www.sakara.com/pages/the-performance-system.html]
[cld.accentuate.io/84343324781/1664462299896/SY_Landing_Hero_CrossSell__0000_Metabolism3f30.jpg]
[cld.accentuate.io/84343324781/1664836120336/SY_Landing_Hero_Desktop_Update__0000_GutHealth_Left_Update8613.jpg]
[cld.accentuate.io/84343324781/1664552892488/SY_Landing_Hero_Mobile_0001_GutHealth_Updateac5e.jpg]
[cld.accentuate.io/84343324781/1664462151762/SY_Landing_Hero_Desktop__0004_GutHealth_Right54ea.jpg]
[cld.accentuate.io/84343324781/1664462308135/SY_Landing_Hero_CrossSell__0002_Performance50a3.jpg]
[cld.accentuate.io/84343324781/1664462922970/SY_Landing_HowitWorks__0000_GutHealth6eff.jpg]
[cld.accentuate.io/84343324781/1664552914141/SY_Landing_HowItworks_Updated__0002_Accent_GutHealthf3c4.jpg]
[cld.accentuate.io/84343324781/1664462876943/SY_Landing_QuoteImage_Mobile__0000_GutHealtha06f.jpg]
[cld.accentuate.io/84343324781/1664463412201/SY_Landing_Image_CrossSell__0002_Cleanse5fda.jpg]
[cld.accentuate.io/84343324781/1664463434772/SY_Landing_Image_CrossSell__0001_Metabolism-(1)52a0.jpg]
[cld.accentuate.io/84343324781/1664463369032/SY_Landing_Image_CrossSell__0003_performancea05d.jpg]
[www.sakara.com/pages/the-gut-health-reboot.html]
[cdn.shopify.com/s/files/1/0192/0076/t/1798/assets/template.page.landing--cleanse.chunk.d03bc9ac3.css]
[cdn.shopify.com/s/files/1/0192/0076/files/Rectangle_3_320x@2x.progressive.pngb91b.html]
[www.sakara.com/pages/detox.html]
[www.sakara.com/pages/lp-for-brides.html]
[www.sakara.com/pages/nutrition-program-compare.html]
[www.sakara.com/pages/next-week-menu.html]
[www.sakara.com/collections/supplements/category-super-powders.html]
[www.sakara.com/products/energy-effervescents.html]
[www.sakara.com/collections/supplements/category-water-drops.html]
[www.sakara.com/collections/supplements/category-vitamins-probiotics.html]
[www.sakara.com/collections/supplements/category-wellness-teas.html]
[www.sakara.com/collections/supplements.html]
[www.sakara.com/collections/snacks/category-super-bars.html]
[www.sakara.com/collections/snacks/category-granola.html]
[www.sakara.com/collections/snacks.html]
[www.sakara.com/collections/products/category-new-arrivals.html]
[www.sakara.com/collections/products/category-best-sellers.html]
[www.sakara.com/collections/products/category-subscribe.html]
[www.sakara.com/collections/products/category-gifts-collections.html]
[www.sakara.com/collections/products/index.html]
[www.sakara.com/products/metabolism-super-powder.html]
[www.sakara.com/blogs/mag.html]
[www.sakara.com/pages/podcast.html]
[www.sakara.com/pages/community.html]
[www.sakara.com/pages/rd-why.html]
[www.sakara.com/pages/sakara-science-council.html]
[www.sakara.com/pages/sustainability.html]
[www.sakara.com/pages/ambassadors.html]
[www.sakara.com/pages/calendar.html]
[www.sakara.com/account/login763e.html]
[www.sakara.com/apps/aftership.html]
[www.sakara.com/account/login2cc9.html]
[www.sakara.com/pages/rewards.html]
[www.sakara.com/pages/refer.html]
[www.sakara.com/pages/contact.html]
[www.sakara.com/account/login.html]
[www.sakara.com/collections/products.html]
[www.sakara.com/blogs/mag/eat-to-beat-disease-building-immunity-through-food.html]
[www.sakara.com/blogs/mag/supergreens-italian-chopped-salad-wrap.html]
[www.sakara.com/blogs/mag/stars-meet-science-psychological-astrology-101.html]
[www.sakara.com/blogs/mag/margherita-spaghetti-squash-with-classic-kale-salad-recipe-plant-based.html]
[www.sakara.com/pages/accessibility.html]
[www.sakara.com/pages/terms-conditions-and-privacy-policies.html]
[www.sakara.com/products/metabolism-super-powder-dm.html]
[www.sakara.com/products/sakara-rx-the-foundation-1.html]
[www.sakara.com/products/metabolism-protein-super-bar.html]
[www.sakara.com/products/the-travel-collection.html]
[www.sakara.com/products/organic-protein-greens-super-powder.html]
[www.sakara.com/cart.html]
[cdn.shopify.com/s/files/1/0192/0076/t/1798/assets/fonts/slick.html]
[cdn.shopify.com/s/files/1/0192/0076/t/1798/assets/fonts/slickd41d.html]
[cdn.shopify.com/s/files/1/0192/0076/t/1798/assets/fonts/slick-2.html]
[cdn.shopify.com/s/files/1/0192/0076/t/1798/assets/fonts/slick-3.html]
[cdn.shopify.com/s/files/1/0192/0076/t/1798/assets/fonts/slick-4.html]
[cdn.shopify.com/s/files/1/0192/0076/t/1798/assets/template.page.landing--signature.chunk.71d75cb9f.css]
[www.sakara.com/pages/POST.html]
[cdn.shopify.com/s/files/1/0192/0076/t/1798/assets/template.page.landing--systems.chunk.1611b4630.css]
[www.sakara.com/pages/gut-health-reboot-system.html]
[www.sakara.com/pages/fresh-start-cleanse-system.html]
[www.sakara.com/pages/performance-system.html]
[cdn.shopify.com/s/files/1/0192/0076/t/1798/assets/template.page.landing--cleanse.chunk.d03bc9ac3.css]
